Does not support Core Animation engine. Encountered compatibility issues:
[dotted_lines.Ellipse 1.Stroke 1] The Core Animation rendering engine does not support animating multiple keyframes for stroke dashPattern values (due to limitations of Core Animation `CAKeyframeAnimation`s).
[dotted_lines.Ellipse 1.Stroke 1] The Core Animation rendering engine does not support animating multiple keyframes for stroke dashPattern values (due to limitations of Core Animation `CAKeyframeAnimation`s).
[Dotted_lines.Ellipse 1.Stroke 1] The Core Animation rendering engine does not support animating multiple keyframes for stroke dashPattern values (due to limitations of Core Animation `CAKeyframeAnimation`s).
[Dotted_lines.Ellipse 1.Stroke 1] The Core Animation rendering engine does not support animating multiple keyframes for stroke dashPattern values (due to limitations of Core Animation `CAKeyframeAnimation`s).
[G.Trim Paths 1] The Core Animation rendering engine doesn't support Trim offsets with adjusted stroke values outside the range [0, 100]
[G 2.Trim Paths 1] The Core Animation rendering engine doesn't support Trim offsets with adjusted stroke values outside the range [0, 100]