Does not support Core Animation engine. Encountered compatibility issues:
[Shape Layer 1.Trim Paths 1] The Core Animation rendering engine doesn't support Trim offsets with adjusted stroke values outside the range [0, 100]
[Shape Layer 1.Trim Paths 1] The Core Animation rendering engine doesn't support Trim offsets with adjusted stroke values outside the range [0, 100]
[Shape Layer 2.Trim Paths 1] The Core Animation rendering engine doesn't support Trim offsets with adjusted stroke values outside the range [0, 100]
[Shape Layer 2.Trim Paths 1] The Core Animation rendering engine doesn't support Trim offsets with adjusted stroke values outside the range [0, 100]
[Shape Layer 4.Trim Paths 1] The Core Animation rendering engine doesn't support Trim offsets with adjusted stroke values outside the range [0, 100]
[Shape Layer 4.Trim Paths 1] The Core Animation rendering engine doesn't support Trim offsets with adjusted stroke values outside the range [0, 100]
[Shape Layer 3.Trim Paths 1] The Core Animation rendering engine doesn't support Trim offsets with adjusted stroke values outside the range [0, 100]
[Shape Layer 3.Trim Paths 1] The Core Animation rendering engine doesn't support Trim offsets with adjusted stroke values outside the range [0, 100]